2023-12-19 13:12:875 INFO  StartPage :24 - Click on start now: [[ChromeDriver: chrome on windows (a511d0d59a2abc0c06e89ee55b5b5f6f)] -> xpath: //a[normalize-space()='Start now']]
2023-12-19 13:12:705 INFO  StartPage :24 - Click on start now: [[ChromeDriver: chrome on windows (246c90f35ea2db0c9dea8e90c1deb439)] -> xpath: //a[normalize-space()='Start now']]
2023-12-19 13:12:896 INFO  SelectNationalityPage :28 - Select country: [[ChromeDriver: chrome on windows (246c90f35ea2db0c9dea8e90c1deb439)] -> id: response]
2023-12-19 13:12:976 INFO  SelectNationalityPage :34 - Click on continue: [[ChromeDriver: chrome on windows (246c90f35ea2db0c9dea8e90c1deb439)] -> xpath: //button[normalize-space()='Continue']]
2023-12-19 13:12:153 INFO  ReasonForTravelPage :29 - Select a reason for visit: [[[ChromeDriver: chrome on windows (246c90f35ea2db0c9dea8e90c1deb439)] -> xpath: //div[@class='govuk-radios']//div//label], [[ChromeDriver: chrome on windows (246c90f35ea2db0c9dea8e90c1deb439)] -> xpath: //div[@class='govuk-radios']//div//label], [[ChromeDriver: chrome on windows (246c90f35ea2db0c9dea8e90c1deb439)] -> xpath: //div[@class='govuk-radios']//div//label], [[ChromeDriver: chrome on windows (246c90f35ea2db0c9dea8e90c1deb439)] -> xpath: //div[@class='govuk-radios']//div//label], [[ChromeDriver: chrome on windows (246c90f35ea2db0c9dea8e90c1deb439)] -> xpath: //div[@class='govuk-radios']//div//label], [[ChromeDriver: chrome on windows (246c90f35ea2db0c9dea8e90c1deb439)] -> xpath: //div[@class='govuk-radios']//div//label], [[ChromeDriver: chrome on windows (246c90f35ea2db0c9dea8e90c1deb439)] -> xpath: //div[@class='govuk-radios']//div//label], [[ChromeDriver: chrome on windows (246c90f35ea2db0c9dea8e90c1deb439)] -> xpath: //div[@class='govuk-radios']//div//label], [[ChromeDriver: chrome on windows (246c90f35ea2db0c9dea8e90c1deb439)] -> xpath: //div[@class='govuk-radios']//div//label]]
2023-12-19 13:12:221 INFO  SelectNationalityPage :34 - Click on continue: [[ChromeDriver: chrome on windows (246c90f35ea2db0c9dea8e90c1deb439)] -> xpath: //button[normalize-space()='Continue']]
2023-12-19 13:12:480 INFO  ResultPage :29 - Verify result text displayed: [[ChromeDriver: chrome on windows (246c90f35ea2db0c9dea8e90c1deb439)] -> xpath: //h2[@class='gem-c-heading gem-c-heading--font-size-27   govuk-!-margin-bottom-6']]
2023-12-19 13:12:481 INFO  ResultPage :24 - Get result text displayed: [[ChromeDriver: chrome on windows (246c90f35ea2db0c9dea8e90c1deb439)] -> xpath: //h2[@class='gem-c-heading gem-c-heading--font-size-27   govuk-!-margin-bottom-6']]
2023-12-19 13:12:140 INFO  StartPage :24 - Click on start now: [[ChromeDriver: chrome on windows (f8db3489139e7237baf046b1ad06b798)] -> xpath: //a[normalize-space()='Start now']]
2023-12-19 13:12:301 INFO  SelectNationalityPage :28 - Select country: [[ChromeDriver: chrome on windows (f8db3489139e7237baf046b1ad06b798)] -> id: response]
2023-12-19 13:12:386 INFO  SelectNationalityPage :34 - Click on continue: [[ChromeDriver: chrome on windows (f8db3489139e7237baf046b1ad06b798)] -> xpath: //button[normalize-space()='Continue']]
2023-12-19 13:12:570 INFO  ReasonForTravelPage :29 - Select a reason for visit: [[[ChromeDriver: chrome on windows (f8db3489139e7237baf046b1ad06b798)] -> xpath: //div[@class='govuk-radios']//div//label], [[ChromeDriver: chrome on windows (f8db3489139e7237baf046b1ad06b798)] -> xpath: //div[@class='govuk-radios']//div//label], [[ChromeDriver: chrome on windows (f8db3489139e7237baf046b1ad06b798)] -> xpath: //div[@class='govuk-radios']//div//label], [[ChromeDriver: chrome on windows (f8db3489139e7237baf046b1ad06b798)] -> xpath: //div[@class='govuk-radios']//div//label], [[ChromeDriver: chrome on windows (f8db3489139e7237baf046b1ad06b798)] -> xpath: //div[@class='govuk-radios']//div//label], [[ChromeDriver: chrome on windows (f8db3489139e7237baf046b1ad06b798)] -> xpath: //div[@class='govuk-radios']//div//label], [[ChromeDriver: chrome on windows (f8db3489139e7237baf046b1ad06b798)] -> xpath: //div[@class='govuk-radios']//div//label], [[ChromeDriver: chrome on windows (f8db3489139e7237baf046b1ad06b798)] -> xpath: //div[@class='govuk-radios']//div//label], [[ChromeDriver: chrome on windows (f8db3489139e7237baf046b1ad06b798)] -> xpath: //div[@class='govuk-radios']//div//label]]
2023-12-19 13:12:632 INFO  SelectNationalityPage :34 - Click on continue: [[ChromeDriver: chrome on windows (f8db3489139e7237baf046b1ad06b798)] -> xpath: //button[normalize-space()='Continue']]
2023-12-19 13:12:828 INFO  DurationOfStayPage :27 - Select Stay Time Length: [[[ChromeDriver: chrome on windows (f8db3489139e7237baf046b1ad06b798)] -> xpath: //div[@class='govuk-radios']//label], [[ChromeDriver: chrome on windows (f8db3489139e7237baf046b1ad06b798)] -> xpath: //div[@class='govuk-radios']//label]]
2023-12-19 13:12:876 INFO  SelectNationalityPage :34 - Click on continue: [[ChromeDriver: chrome on windows (f8db3489139e7237baf046b1ad06b798)] -> xpath: //button[normalize-space()='Continue']]
2023-12-19 13:12:50 INFO  WorkTypePage :30 - Select job type: [[[ChromeDriver: chrome on windows (f8db3489139e7237baf046b1ad06b798)] -> xpath: //div[@class='govuk-radios']//div//label], [[ChromeDriver: chrome on windows (f8db3489139e7237baf046b1ad06b798)] -> xpath: //div[@class='govuk-radios']//div//label], [[ChromeDriver: chrome on windows (f8db3489139e7237baf046b1ad06b798)] -> xpath: //div[@class='govuk-radios']//div//label], [[ChromeDriver: chrome on windows (f8db3489139e7237baf046b1ad06b798)] -> xpath: //div[@class='govuk-radios']//div//label], [[ChromeDriver: chrome on windows (f8db3489139e7237baf046b1ad06b798)] -> xpath: //div[@class='govuk-radios']//div//label], [[ChromeDriver: chrome on windows (f8db3489139e7237baf046b1ad06b798)] -> xpath: //div[@class='govuk-radios']//div//label], [[ChromeDriver: chrome on windows (f8db3489139e7237baf046b1ad06b798)] -> xpath: //div[@class='govuk-radios']//div//label], [[ChromeDriver: chrome on windows (f8db3489139e7237baf046b1ad06b798)] -> xpath: //div[@class='govuk-radios']//div//label]]
2023-12-19 13:12:108 INFO  SelectNationalityPage :34 - Click on continue: [[ChromeDriver: chrome on windows (f8db3489139e7237baf046b1ad06b798)] -> xpath: //button[normalize-space()='Continue']]
2023-12-19 13:12:341 INFO  ResultPage :29 - Verify result text displayed: [[ChromeDriver: chrome on windows (f8db3489139e7237baf046b1ad06b798)] -> xpath: //h2[@class='gem-c-heading gem-c-heading--font-size-27   govuk-!-margin-bottom-6']]
2023-12-19 13:12:341 INFO  ResultPage :24 - Get result text displayed: [[ChromeDriver: chrome on windows (f8db3489139e7237baf046b1ad06b798)] -> xpath: //h2[@class='gem-c-heading gem-c-heading--font-size-27   govuk-!-margin-bottom-6']]
2023-12-19 13:12:53 INFO  StartPage :24 - Click on start now: [[ChromeDriver: chrome on windows (ba475474e9cddc1618831206d4e699af)] -> xpath: //a[normalize-space()='Start now']]
2023-12-19 13:12:204 INFO  SelectNationalityPage :28 - Select country: [[ChromeDriver: chrome on windows (ba475474e9cddc1618831206d4e699af)] -> id: response]
2023-12-19 13:12:283 INFO  SelectNationalityPage :34 - Click on continue: [[ChromeDriver: chrome on windows (ba475474e9cddc1618831206d4e699af)] -> xpath: //button[normalize-space()='Continue']]
2023-12-19 13:12:492 INFO  ReasonForTravelPage :29 - Select a reason for visit: [[[ChromeDriver: chrome on windows (ba475474e9cddc1618831206d4e699af)] -> xpath: //div[@class='govuk-radios']//div//label], [[ChromeDriver: chrome on windows (ba475474e9cddc1618831206d4e699af)] -> xpath: //div[@class='govuk-radios']//div//label], [[ChromeDriver: chrome on windows (ba475474e9cddc1618831206d4e699af)] -> xpath: //div[@class='govuk-radios']//div//label], [[ChromeDriver: chrome on windows (ba475474e9cddc1618831206d4e699af)] -> xpath: //div[@class='govuk-radios']//div//label], [[ChromeDriver: chrome on windows (ba475474e9cddc1618831206d4e699af)] -> xpath: //div[@class='govuk-radios']//div//label], [[ChromeDriver: chrome on windows (ba475474e9cddc1618831206d4e699af)] -> xpath: //div[@class='govuk-radios']//div//label], [[ChromeDriver: chrome on windows (ba475474e9cddc1618831206d4e699af)] -> xpath: //div[@class='govuk-radios']//div//label], [[ChromeDriver: chrome on windows (ba475474e9cddc1618831206d4e699af)] -> xpath: //div[@class='govuk-radios']//div//label], [[ChromeDriver: chrome on windows (ba475474e9cddc1618831206d4e699af)] -> xpath: //div[@class='govuk-radios']//div//label]]
2023-12-19 13:12:563 INFO  SelectNationalityPage :34 - Click on continue: [[ChromeDriver: chrome on windows (ba475474e9cddc1618831206d4e699af)] -> xpath: //button[normalize-space()='Continue']]
2023-12-19 13:12:758 INFO  ResultPage :29 - Verify result text displayed: [[ChromeDriver: chrome on windows (ba475474e9cddc1618831206d4e699af)] -> xpath: //h2[@class='gem-c-heading gem-c-heading--font-size-27   govuk-!-margin-bottom-6']]
2023-12-19 13:12:758 INFO  ResultPage :24 - Get result text displayed: [[ChromeDriver: chrome on windows (ba475474e9cddc1618831206d4e699af)] -> xpath: //h2[@class='gem-c-heading gem-c-heading--font-size-27   govuk-!-margin-bottom-6']]
2023-12-19 13:12:66 INFO  ReasonForTravelPage :29 - Select a reason for visit: []
2023-12-19 13:12:771 INFO  StartPage :24 - Click on start now: [[ChromeDriver: chrome on windows (87a7df7b5ae44b2a16a3d2f8650d1352)] -> xpath: //a[normalize-space()='Start now']]
2023-12-19 13:12:766 INFO  StartPage :24 - Click on start now: [[ChromeDriver: chrome on windows (943fab188681af44836371c53daac087)] -> xpath: //a[normalize-space()='Start now']]
2023-12-19 13:12:927 INFO  SelectNationalityPage :28 - Select country: [[ChromeDriver: chrome on windows (943fab188681af44836371c53daac087)] -> id: response]
2023-12-19 13:12:02 INFO  SelectNationalityPage :34 - Click on continue: [[ChromeDriver: chrome on windows (943fab188681af44836371c53daac087)] -> xpath: //button[normalize-space()='Continue']]
2023-12-19 13:12:229 INFO  ReasonForTravelPage :29 - Select a reason for visit: [[[ChromeDriver: chrome on windows (943fab188681af44836371c53daac087)] -> xpath: //div[@class='govuk-radios']//div//label], [[ChromeDriver: chrome on windows (943fab188681af44836371c53daac087)] -> xpath: //div[@class='govuk-radios']//div//label], [[ChromeDriver: chrome on windows (943fab188681af44836371c53daac087)] -> xpath: //div[@class='govuk-radios']//div//label], [[ChromeDriver: chrome on windows (943fab188681af44836371c53daac087)] -> xpath: //div[@class='govuk-radios']//div//label], [[ChromeDriver: chrome on windows (943fab188681af44836371c53daac087)] -> xpath: //div[@class='govuk-radios']//div//label], [[ChromeDriver: chrome on windows (943fab188681af44836371c53daac087)] -> xpath: //div[@class='govuk-radios']//div//label], [[ChromeDriver: chrome on windows (943fab188681af44836371c53daac087)] -> xpath: //div[@class='govuk-radios']//div//label], [[ChromeDriver: chrome on windows (943fab188681af44836371c53daac087)] -> xpath: //div[@class='govuk-radios']//div//label], [[ChromeDriver: chrome on windows (943fab188681af44836371c53daac087)] -> xpath: //div[@class='govuk-radios']//div//label]]
2023-12-19 13:12:281 INFO  SelectNationalityPage :34 - Click on continue: [[ChromeDriver: chrome on windows (943fab188681af44836371c53daac087)] -> xpath: //button[normalize-space()='Continue']]
2023-12-19 13:12:498 INFO  ResultPage :29 - Verify result text displayed: [[ChromeDriver: chrome on windows (943fab188681af44836371c53daac087)] -> xpath: //h2[@class='gem-c-heading gem-c-heading--font-size-27   govuk-!-margin-bottom-6']]
2023-12-19 13:12:498 INFO  ResultPage :24 - Get result text displayed: [[ChromeDriver: chrome on windows (943fab188681af44836371c53daac087)] -> xpath: //h2[@class='gem-c-heading gem-c-heading--font-size-27   govuk-!-margin-bottom-6']]
2023-12-19 13:12:213 INFO  StartPage :24 - Click on start now: [[ChromeDriver: chrome on windows (c6d43da8fc32ad8d067d767c19c73300)] -> xpath: //a[normalize-space()='Start now']]
2023-12-19 13:12:384 INFO  SelectNationalityPage :28 - Select country: [[ChromeDriver: chrome on windows (c6d43da8fc32ad8d067d767c19c73300)] -> id: response]
2023-12-19 13:12:538 INFO  SelectNationalityPage :34 - Click on continue: [[ChromeDriver: chrome on windows (c6d43da8fc32ad8d067d767c19c73300)] -> xpath: //button[normalize-space()='Continue']]
2023-12-19 13:12:735 INFO  ReasonForTravelPage :29 - Select a reason for visit: [[[ChromeDriver: chrome on windows (c6d43da8fc32ad8d067d767c19c73300)] -> xpath: //div[@class='govuk-radios']//div//label], [[ChromeDriver: chrome on windows (c6d43da8fc32ad8d067d767c19c73300)] -> xpath: //div[@class='govuk-radios']//div//label], [[ChromeDriver: chrome on windows (c6d43da8fc32ad8d067d767c19c73300)] -> xpath: //div[@class='govuk-radios']//div//label], [[ChromeDriver: chrome on windows (c6d43da8fc32ad8d067d767c19c73300)] -> xpath: //div[@class='govuk-radios']//div//label], [[ChromeDriver: chrome on windows (c6d43da8fc32ad8d067d767c19c73300)] -> xpath: //div[@class='govuk-radios']//div//label], [[ChromeDriver: chrome on windows (c6d43da8fc32ad8d067d767c19c73300)] -> xpath: //div[@class='govuk-radios']//div//label], [[ChromeDriver: chrome on windows (c6d43da8fc32ad8d067d767c19c73300)] -> xpath: //div[@class='govuk-radios']//div//label], [[ChromeDriver: chrome on windows (c6d43da8fc32ad8d067d767c19c73300)] -> xpath: //div[@class='govuk-radios']//div//label], [[ChromeDriver: chrome on windows (c6d43da8fc32ad8d067d767c19c73300)] -> xpath: //div[@class='govuk-radios']//div//label]]
2023-12-19 13:12:831 INFO  SelectNationalityPage :34 - Click on continue: [[ChromeDriver: chrome on windows (c6d43da8fc32ad8d067d767c19c73300)] -> xpath: //button[normalize-space()='Continue']]
2023-12-19 13:12:33 INFO  DurationOfStayPage :27 - Select Stay Time Length: [[[ChromeDriver: chrome on windows (c6d43da8fc32ad8d067d767c19c73300)] -> xpath: //div[@class='govuk-radios']//label], [[ChromeDriver: chrome on windows (c6d43da8fc32ad8d067d767c19c73300)] -> xpath: //div[@class='govuk-radios']//label]]
2023-12-19 13:12:92 INFO  SelectNationalityPage :34 - Click on continue: [[ChromeDriver: chrome on windows (c6d43da8fc32ad8d067d767c19c73300)] -> xpath: //button[normalize-space()='Continue']]
2023-12-19 13:12:268 INFO  WorkTypePage :30 - Select job type: [[[ChromeDriver: chrome on windows (c6d43da8fc32ad8d067d767c19c73300)] -> xpath: //div[@class='govuk-radios']//div//label], [[ChromeDriver: chrome on windows (c6d43da8fc32ad8d067d767c19c73300)] -> xpath: //div[@class='govuk-radios']//div//label], [[ChromeDriver: chrome on windows (c6d43da8fc32ad8d067d767c19c73300)] -> xpath: //div[@class='govuk-radios']//div//label], [[ChromeDriver: chrome on windows (c6d43da8fc32ad8d067d767c19c73300)] -> xpath: //div[@class='govuk-radios']//div//label], [[ChromeDriver: chrome on windows (c6d43da8fc32ad8d067d767c19c73300)] -> xpath: //div[@class='govuk-radios']//div//label], [[ChromeDriver: chrome on windows (c6d43da8fc32ad8d067d767c19c73300)] -> xpath: //div[@class='govuk-radios']//div//label], [[ChromeDriver: chrome on windows (c6d43da8fc32ad8d067d767c19c73300)] -> xpath: //div[@class='govuk-radios']//div//label], [[ChromeDriver: chrome on windows (c6d43da8fc32ad8d067d767c19c73300)] -> xpath: //div[@class='govuk-radios']//div//label]]
2023-12-19 13:12:347 INFO  SelectNationalityPage :34 - Click on continue: [[ChromeDriver: chrome on windows (c6d43da8fc32ad8d067d767c19c73300)] -> xpath: //button[normalize-space()='Continue']]
2023-12-19 13:12:602 INFO  ResultPage :29 - Verify result text displayed: [[ChromeDriver: chrome on windows (c6d43da8fc32ad8d067d767c19c73300)] -> xpath: //h2[@class='gem-c-heading gem-c-heading--font-size-27   govuk-!-margin-bottom-6']]
2023-12-19 13:12:602 INFO  ResultPage :24 - Get result text displayed: [[ChromeDriver: chrome on windows (c6d43da8fc32ad8d067d767c19c73300)] -> xpath: //h2[@class='gem-c-heading gem-c-heading--font-size-27   govuk-!-margin-bottom-6']]
2023-12-19 13:12:356 INFO  StartPage :24 - Click on start now: [[ChromeDriver: chrome on windows (9b084154c21016826d0b8468772ec4a7)] -> xpath: //a[normalize-space()='Start now']]
2023-12-19 13:12:508 INFO  SelectNationalityPage :28 - Select country: [[ChromeDriver: chrome on windows (9b084154c21016826d0b8468772ec4a7)] -> id: response]
2023-12-19 13:12:606 INFO  SelectNationalityPage :34 - Click on continue: [[ChromeDriver: chrome on windows (9b084154c21016826d0b8468772ec4a7)] -> xpath: //button[normalize-space()='Continue']]
2023-12-19 13:12:798 INFO  ReasonForTravelPage :29 - Select a reason for visit: [[[ChromeDriver: chrome on windows (9b084154c21016826d0b8468772ec4a7)] -> xpath: //div[@class='govuk-radios']//div//label], [[ChromeDriver: chrome on windows (9b084154c21016826d0b8468772ec4a7)] -> xpath: //div[@class='govuk-radios']//div//label], [[ChromeDriver: chrome on windows (9b084154c21016826d0b8468772ec4a7)] -> xpath: //div[@class='govuk-radios']//div//label], [[ChromeDriver: chrome on windows (9b084154c21016826d0b8468772ec4a7)] -> xpath: //div[@class='govuk-radios']//div//label], [[ChromeDriver: chrome on windows (9b084154c21016826d0b8468772ec4a7)] -> xpath: //div[@class='govuk-radios']//div//label], [[ChromeDriver: chrome on windows (9b084154c21016826d0b8468772ec4a7)] -> xpath: //div[@class='govuk-radios']//div//label], [[ChromeDriver: chrome on windows (9b084154c21016826d0b8468772ec4a7)] -> xpath: //div[@class='govuk-radios']//div//label], [[ChromeDriver: chrome on windows (9b084154c21016826d0b8468772ec4a7)] -> xpath: //div[@class='govuk-radios']//div//label], [[ChromeDriver: chrome on windows (9b084154c21016826d0b8468772ec4a7)] -> xpath: //div[@class='govuk-radios']//div//label]]
2023-12-19 13:12:895 INFO  SelectNationalityPage :34 - Click on continue: [[ChromeDriver: chrome on windows (9b084154c21016826d0b8468772ec4a7)] -> xpath: //button[normalize-space()='Continue']]
2023-12-19 13:12:114 INFO  ResultPage :29 - Verify result text displayed: [[ChromeDriver: chrome on windows (9b084154c21016826d0b8468772ec4a7)] -> xpath: //h2[@class='gem-c-heading gem-c-heading--font-size-27   govuk-!-margin-bottom-6']]
2023-12-19 13:12:114 INFO  ResultPage :24 - Get result text displayed: [[ChromeDriver: chrome on windows (9b084154c21016826d0b8468772ec4a7)] -> xpath: //h2[@class='gem-c-heading gem-c-heading--font-size-27   govuk-!-margin-bottom-6']]
2023-12-19 13:12:896 INFO  ReasonForTravelPage :29 - Select a reason for visit: []
2023-12-19 15:12:181 INFO  StartPage :24 - Click on start now: [[ChromeDriver: chrome on windows (20e90e94edf3dbdb6176dc97adbbb62d)] -> xpath: //a[normalize-space()='Start now']]
2023-12-19 15:12:255 INFO  StartPage :24 - Click on start now: [[ChromeDriver: chrome on windows (7dfdcff9f8b783c33cecd971f2ba2d99)] -> xpath: //a[normalize-space()='Start now']]
2023-12-19 15:12:436 INFO  SelectNationalityPage :28 - Select country: [[ChromeDriver: chrome on windows (7dfdcff9f8b783c33cecd971f2ba2d99)] -> id: response]
2023-12-19 15:12:556 INFO  SelectNationalityPage :34 - Click on continue: [[ChromeDriver: chrome on windows (7dfdcff9f8b783c33cecd971f2ba2d99)] -> xpath: //button[normalize-space()='Continue']]
2023-12-19 15:12:786 INFO  ReasonForTravelPage :29 - Select a reason for visit: [[[ChromeDriver: chrome on windows (7dfdcff9f8b783c33cecd971f2ba2d99)] -> xpath: //div[@class='govuk-radios']//div//label], [[ChromeDriver: chrome on windows (7dfdcff9f8b783c33cecd971f2ba2d99)] -> xpath: //div[@class='govuk-radios']//div//label], [[ChromeDriver: chrome on windows (7dfdcff9f8b783c33cecd971f2ba2d99)] -> xpath: //div[@class='govuk-radios']//div//label], [[ChromeDriver: chrome on windows (7dfdcff9f8b783c33cecd971f2ba2d99)] -> xpath: //div[@class='govuk-radios']//div//label], [[ChromeDriver: chrome on windows (7dfdcff9f8b783c33cecd971f2ba2d99)] -> xpath: //div[@class='govuk-radios']//div//label], [[ChromeDriver: chrome on windows (7dfdcff9f8b783c33cecd971f2ba2d99)] -> xpath: //div[@class='govuk-radios']//div//label], [[ChromeDriver: chrome on windows (7dfdcff9f8b783c33cecd971f2ba2d99)] -> xpath: //div[@class='govuk-radios']//div//label], [[ChromeDriver: chrome on windows (7dfdcff9f8b783c33cecd971f2ba2d99)] -> xpath: //div[@class='govuk-radios']//div//label], [[ChromeDriver: chrome on windows (7dfdcff9f8b783c33cecd971f2ba2d99)] -> xpath: //div[@class='govuk-radios']//div//label]]
2023-12-19 15:12:860 INFO  SelectNationalityPage :34 - Click on continue: [[ChromeDriver: chrome on windows (7dfdcff9f8b783c33cecd971f2ba2d99)] -> xpath: //button[normalize-space()='Continue']]
2023-12-19 15:12:90 INFO  ResultPage :29 - Verify result text displayed: [[ChromeDriver: chrome on windows (7dfdcff9f8b783c33cecd971f2ba2d99)] -> xpath: //h2[@class='gem-c-heading gem-c-heading--font-size-27   govuk-!-margin-bottom-6']]
2023-12-19 15:12:90 INFO  ResultPage :24 - Get result text displayed: [[ChromeDriver: chrome on windows (7dfdcff9f8b783c33cecd971f2ba2d99)] -> xpath: //h2[@class='gem-c-heading gem-c-heading--font-size-27   govuk-!-margin-bottom-6']]
2023-12-19 15:12:44 INFO  StartPage :24 - Click on start now: [[ChromeDriver: chrome on windows (148257fcb0d15aa8c42342c034064815)] -> xpath: //a[normalize-space()='Start now']]
2023-12-19 15:12:234 INFO  SelectNationalityPage :28 - Select country: [[ChromeDriver: chrome on windows (148257fcb0d15aa8c42342c034064815)] -> id: response]
2023-12-19 15:12:348 INFO  SelectNationalityPage :34 - Click on continue: [[ChromeDriver: chrome on windows (148257fcb0d15aa8c42342c034064815)] -> xpath: //button[normalize-space()='Continue']]
2023-12-19 15:12:527 INFO  ReasonForTravelPage :29 - Select a reason for visit: [[[ChromeDriver: chrome on windows (148257fcb0d15aa8c42342c034064815)] -> xpath: //div[@class='govuk-radios']//div//label], [[ChromeDriver: chrome on windows (148257fcb0d15aa8c42342c034064815)] -> xpath: //div[@class='govuk-radios']//div//label], [[ChromeDriver: chrome on windows (148257fcb0d15aa8c42342c034064815)] -> xpath: //div[@class='govuk-radios']//div//label], [[ChromeDriver: chrome on windows (148257fcb0d15aa8c42342c034064815)] -> xpath: //div[@class='govuk-radios']//div//label], [[ChromeDriver: chrome on windows (148257fcb0d15aa8c42342c034064815)] -> xpath: //div[@class='govuk-radios']//div//label], [[ChromeDriver: chrome on windows (148257fcb0d15aa8c42342c034064815)] -> xpath: //div[@class='govuk-radios']//div//label], [[ChromeDriver: chrome on windows (148257fcb0d15aa8c42342c034064815)] -> xpath: //div[@class='govuk-radios']//div//label], [[ChromeDriver: chrome on windows (148257fcb0d15aa8c42342c034064815)] -> xpath: //div[@class='govuk-radios']//div//label], [[ChromeDriver: chrome on windows (148257fcb0d15aa8c42342c034064815)] -> xpath: //div[@class='govuk-radios']//div//label]]
2023-12-19 15:12:612 INFO  SelectNationalityPage :34 - Click on continue: [[ChromeDriver: chrome on windows (148257fcb0d15aa8c42342c034064815)] -> xpath: //button[normalize-space()='Continue']]
2023-12-19 15:12:799 INFO  DurationOfStayPage :27 - Select Stay Time Length: [[[ChromeDriver: chrome on windows (148257fcb0d15aa8c42342c034064815)] -> xpath: //div[@class='govuk-radios']//label], [[ChromeDriver: chrome on windows (148257fcb0d15aa8c42342c034064815)] -> xpath: //div[@class='govuk-radios']//label]]
2023-12-19 15:12:855 INFO  SelectNationalityPage :34 - Click on continue: [[ChromeDriver: chrome on windows (148257fcb0d15aa8c42342c034064815)] -> xpath: //button[normalize-space()='Continue']]
2023-12-19 15:12:32 INFO  WorkTypePage :30 - Select job type: [[[ChromeDriver: chrome on windows (148257fcb0d15aa8c42342c034064815)] -> xpath: //div[@class='govuk-radios']//div//label], [[ChromeDriver: chrome on windows (148257fcb0d15aa8c42342c034064815)] -> xpath: //div[@class='govuk-radios']//div//label], [[ChromeDriver: chrome on windows (148257fcb0d15aa8c42342c034064815)] -> xpath: //div[@class='govuk-radios']//div//label], [[ChromeDriver: chrome on windows (148257fcb0d15aa8c42342c034064815)] -> xpath: //div[@class='govuk-radios']//div//label], [[ChromeDriver: chrome on windows (148257fcb0d15aa8c42342c034064815)] -> xpath: //div[@class='govuk-radios']//div//label], [[ChromeDriver: chrome on windows (148257fcb0d15aa8c42342c034064815)] -> xpath: //div[@class='govuk-radios']//div//label], [[ChromeDriver: chrome on windows (148257fcb0d15aa8c42342c034064815)] -> xpath: //div[@class='govuk-radios']//div//label], [[ChromeDriver: chrome on windows (148257fcb0d15aa8c42342c034064815)] -> xpath: //div[@class='govuk-radios']//div//label]]
2023-12-19 15:12:94 INFO  SelectNationalityPage :34 - Click on continue: [[ChromeDriver: chrome on windows (148257fcb0d15aa8c42342c034064815)] -> xpath: //button[normalize-space()='Continue']]
2023-12-19 15:12:339 INFO  ResultPage :29 - Verify result text displayed: [[ChromeDriver: chrome on windows (148257fcb0d15aa8c42342c034064815)] -> xpath: //h2[@class='gem-c-heading gem-c-heading--font-size-27   govuk-!-margin-bottom-6']]
2023-12-19 15:12:339 INFO  ResultPage :24 - Get result text displayed: [[ChromeDriver: chrome on windows (148257fcb0d15aa8c42342c034064815)] -> xpath: //h2[@class='gem-c-heading gem-c-heading--font-size-27   govuk-!-margin-bottom-6']]
2023-12-19 15:12:126 INFO  StartPage :24 - Click on start now: [[ChromeDriver: chrome on windows (360347d9e7438438ab57e54f6becd375)] -> xpath: //a[normalize-space()='Start now']]
2023-12-19 15:12:309 INFO  SelectNationalityPage :28 - Select country: [[ChromeDriver: chrome on windows (360347d9e7438438ab57e54f6becd375)] -> id: response]
2023-12-19 15:12:425 INFO  SelectNationalityPage :34 - Click on continue: [[ChromeDriver: chrome on windows (360347d9e7438438ab57e54f6becd375)] -> xpath: //button[normalize-space()='Continue']]
2023-12-19 15:12:654 INFO  ReasonForTravelPage :29 - Select a reason for visit: [[[ChromeDriver: chrome on windows (360347d9e7438438ab57e54f6becd375)] -> xpath: //div[@class='govuk-radios']//div//label], [[ChromeDriver: chrome on windows (360347d9e7438438ab57e54f6becd375)] -> xpath: //div[@class='govuk-radios']//div//label], [[ChromeDriver: chrome on windows (360347d9e7438438ab57e54f6becd375)] -> xpath: //div[@class='govuk-radios']//div//label], [[ChromeDriver: chrome on windows (360347d9e7438438ab57e54f6becd375)] -> xpath: //div[@class='govuk-radios']//div//label], [[ChromeDriver: chrome on windows (360347d9e7438438ab57e54f6becd375)] -> xpath: //div[@class='govuk-radios']//div//label], [[ChromeDriver: chrome on windows (360347d9e7438438ab57e54f6becd375)] -> xpath: //div[@class='govuk-radios']//div//label], [[ChromeDriver: chrome on windows (360347d9e7438438ab57e54f6becd375)] -> xpath: //div[@class='govuk-radios']//div//label], [[ChromeDriver: chrome on windows (360347d9e7438438ab57e54f6becd375)] -> xpath: //div[@class='govuk-radios']//div//label], [[ChromeDriver: chrome on windows (360347d9e7438438ab57e54f6becd375)] -> xpath: //div[@class='govuk-radios']//div//label]]
2023-12-19 15:12:764 INFO  SelectNationalityPage :34 - Click on continue: [[ChromeDriver: chrome on windows (360347d9e7438438ab57e54f6becd375)] -> xpath: //button[normalize-space()='Continue']]
2023-12-19 15:12:971 INFO  ResultPage :29 - Verify result text displayed: [[ChromeDriver: chrome on windows (360347d9e7438438ab57e54f6becd375)] -> xpath: //h2[@class='gem-c-heading gem-c-heading--font-size-27   govuk-!-margin-bottom-6']]
2023-12-19 15:12:972 INFO  ResultPage :24 - Get result text displayed: [[ChromeDriver: chrome on windows (360347d9e7438438ab57e54f6becd375)] -> xpath: //h2[@class='gem-c-heading gem-c-heading--font-size-27   govuk-!-margin-bottom-6']]
2023-12-19 15:12:675 INFO  ReasonForTravelPage :29 - Select a reason for visit: []
